Command exited with non-zero status 2
	Command being timed: "/home/wangning/miniforge3/envs/hym_radar/bin/python -u code/scripts/audit_fixed_range_quota_feasibility.py --manifest artifacts/g0/g0_audit_100_manifest.json --scene-split artifacts/g0/g0_scene_split.json --cache-root /home/wangning/Shared/l40s_wangning_radar/cube_dense_data/kradar_g0_cross_scene_cache_a7d06db --output /home/wangning/Shared/l40s_wangning_radar/cube_dense_runs/fixed_range_quota_audit_dc63dfc/feasibility.json --source-commit dc63dfc404d647f31409177ccca6de80726eb8d7"
	User time (seconds): 5.69
	System time (seconds): 0.06
	Percent of CPU this job got: 49%
	Elapsed (wall clock) time (h:mm:ss or m:ss): 0:11.55
	Average shared text size (kbytes): 0
	Average unshared data size (kbytes): 0
	Average stack size (kbytes): 0
	Average total size (kbytes): 0
	Maximum resident set size (kbytes): 32768
	Average resident set size (kbytes): 0
	Major (requiring I/O) page faults: 94
	Minor (reclaiming a frame) page faults: 7576
	Voluntary context switches: 1751
	Involuntary context switches: 13
	Swaps: 0
	File system inputs: 87104
	File system outputs: 128
	Socket messages sent: 0
	Socket messages received: 0
	Signals delivered: 0
	Page size (bytes): 4096
	Exit status: 2
